{"timestamp":"2026-07-28T03:07:03.789969+00:00","level":"INFO","service":"httpx","trace_id":null,"run_id":null,"task_id":null,"event":"httpx","message":"HTTP Request: GET https://api.github.com/repos/temporalio/sdk-python/issues/782 \"HTTP/1.1 200 OK\""}
{"timestamp":"2026-07-28T03:07:05.818287+00:00","level":"INFO","service":"httpx","trace_id":null,"run_id":null,"task_id":null,"event":"httpx","message":"HTTP Request: GET https://api.github.com/repos/temporalio/sdk-python/issues/782/comments?per_page=100 \"HTTP/1.1 200 OK\""}
{"timestamp":"2026-07-28T03:07:06.362589+00:00","level":"INFO","service":"httpx","trace_id":null,"run_id":null,"task_id":null,"event":"httpx","message":"HTTP Request: GET https://api.github.com/repos/temporalio/sdk-python/issues/782/timeline?per_page=100 \"HTTP/1.1 200 OK\""}
{"timestamp":"2026-07-28T03:07:08.612003+00:00","level":"INFO","service":"httpx","trace_id":null,"run_id":null,"task_id":null,"event":"httpx","message":"HTTP Request: GET https://api.github.com/repos/temporalio/sdk-python/pulls/1352 \"HTTP/1.1 200 OK\""}
{"timestamp":"2026-07-28T03:07:09.108503+00:00","level":"INFO","service":"httpx","trace_id":null,"run_id":null,"task_id":null,"event":"httpx","message":"HTTP Request: GET https://api.github.com/repos/temporalio/sdk-python/pulls/1352/files?per_page=100 \"HTTP/1.1 200 OK\""}
{"timestamp":"2026-07-28T03:07:12.942361+00:00","level":"INFO","service":"httpx","trace_id":null,"run_id":null,"task_id":null,"event":"httpx","message":"HTTP Request: GET https://api.github.com/repos/temporalio/sdk-python/tarball/391338b66939c8c2068c5d28a66be682743bc972 \"HTTP/1.1 302 Found\""}
{"timestamp":"2026-07-28T03:07:13.531111+00:00","level":"INFO","service":"httpx","trace_id":null,"run_id":null,"task_id":null,"event":"httpx","message":"HTTP Request: GET https://codeload.github.com/temporalio/sdk-python/legacy.tar.gz/391338b66939c8c2068c5d28a66be682743bc972 \"HTTP/1.1 200 OK\""}
{"timestamp":"2026-07-28T03:07:27.785955+00:00","level":"WARNING","service":"temporalio.activity","trace_id":null,"run_id":null,"task_id":null,"event":"temporalio.activity","message":"Completing activity as failed ({'activity_id': '128', 'activity_type': 'execute_tool', 'attempt': 1, 'namespace': 'default', 'task_queue': 'tool-trusted', 'workflow_id': 'swarm:00000000-0000-0000-0000-000000000001:019fa6b0-9fc2-7244-b78a-b649af01c2ec', 'workflow_run_id': '019fa6b0-a021-7297-ba2f-d2c62dc1e435', 'workflow_type': 'SwarmRunWorkflow'})","exception":"ValidationError"}
{"timestamp":"2026-07-28T03:07:28.879881+00:00","level":"WARNING","service":"temporalio.activity","trace_id":null,"run_id":null,"task_id":null,"event":"temporalio.activity","message":"Completing activity as failed ({'activity_id': '128', 'activity_type': 'execute_tool', 'attempt': 2, 'namespace': 'default', 'task_queue': 'tool-trusted', 'workflow_id': 'swarm:00000000-0000-0000-0000-000000000001:019fa6b0-9fc2-7244-b78a-b649af01c2ec', 'workflow_run_id': '019fa6b0-a021-7297-ba2f-d2c62dc1e435', 'workflow_type': 'SwarmRunWorkflow'})","exception":"ValidationError"}
{"timestamp":"2026-07-28T03:07:30.948192+00:00","level":"WARNING","service":"temporalio.activity","trace_id":null,"run_id":null,"task_id":null,"event":"temporalio.activity","message":"Completing activity as failed ({'activity_id': '128', 'activity_type': 'execute_tool', 'attempt': 3, 'namespace': 'default', 'task_queue': 'tool-trusted', 'workflow_id': 'swarm:00000000-0000-0000-0000-000000000001:019fa6b0-9fc2-7244-b78a-b649af01c2ec', 'workflow_run_id': '019fa6b0-a021-7297-ba2f-d2c62dc1e435', 'workflow_type': 'SwarmRunWorkflow'})","exception":"ValidationError"}
{"timestamp":"2026-07-28T03:13:27.518399+00:00","level":"INFO","service":"httpx","trace_id":null,"run_id":null,"task_id":null,"event":"httpx","message":"HTTP Request: GET https://api.github.com/repos/temporalio/sdk-python/issues/782 \"HTTP/1.1 200 OK\""}
{"timestamp":"2026-07-28T03:13:29.628929+00:00","level":"INFO","service":"httpx","trace_id":null,"run_id":null,"task_id":null,"event":"httpx","message":"HTTP Request: GET https://api.github.com/repos/temporalio/sdk-python/issues/782/comments?per_page=100 \"HTTP/1.1 200 OK\""}
{"timestamp":"2026-07-28T03:13:30.155525+00:00","level":"INFO","service":"httpx","trace_id":null,"run_id":null,"task_id":null,"event":"httpx","message":"HTTP Request: GET https://api.github.com/repos/temporalio/sdk-python/issues/782/timeline?per_page=100 \"HTTP/1.1 200 OK\""}
{"timestamp":"2026-07-28T03:13:32.629875+00:00","level":"INFO","service":"httpx","trace_id":null,"run_id":null,"task_id":null,"event":"httpx","message":"HTTP Request: GET https://api.github.com/repos/temporalio/sdk-python/pulls/1352 \"HTTP/1.1 200 OK\""}
{"timestamp":"2026-07-28T03:13:33.104837+00:00","level":"INFO","service":"httpx","trace_id":null,"run_id":null,"task_id":null,"event":"httpx","message":"HTTP Request: GET https://api.github.com/repos/temporalio/sdk-python/pulls/1352/files?per_page=100 \"HTTP/1.1 200 OK\""}
{"timestamp":"2026-07-28T03:13:44.277386+00:00","level":"INFO","service":"httpx","trace_id":null,"run_id":null,"task_id":null,"event":"httpx","message":"HTTP Request: GET https://api.github.com/repos/temporalio/sdk-python/issues/782 \"HTTP/1.1 200 OK\""}
{"timestamp":"2026-07-28T03:13:46.045875+00:00","level":"INFO","service":"httpx","trace_id":null,"run_id":null,"task_id":null,"event":"httpx","message":"HTTP Request: GET https://api.github.com/repos/temporalio/sdk-python/issues/782/comments?per_page=100 \"HTTP/1.1 200 OK\""}
{"timestamp":"2026-07-28T03:13:46.128519+00:00","level":"INFO","service":"httpx","trace_id":null,"run_id":null,"task_id":null,"event":"httpx","message":"HTTP Request: GET https://api.github.com/repos/temporalio/sdk-python/issues/782/timeline?per_page=100 \"HTTP/1.1 200 OK\""}
{"timestamp":"2026-07-28T03:13:48.034832+00:00","level":"INFO","service":"httpx","trace_id":null,"run_id":null,"task_id":null,"event":"httpx","message":"HTTP Request: GET https://api.github.com/repos/temporalio/sdk-python/pulls/1352 \"HTTP/1.1 200 OK\""}
{"timestamp":"2026-07-28T03:13:48.202877+00:00","level":"INFO","service":"httpx","trace_id":null,"run_id":null,"task_id":null,"event":"httpx","message":"HTTP Request: GET https://api.github.com/repos/temporalio/sdk-python/pulls/1352/files?per_page=100 \"HTTP/1.1 200 OK\""}
{"timestamp":"2026-07-28T03:13:52.376642+00:00","level":"INFO","service":"httpx","trace_id":null,"run_id":null,"task_id":null,"event":"httpx","message":"HTTP Request: GET https://api.github.com/repos/temporalio/sdk-python/tarball/391338b66939c8c2068c5d28a66be682743bc972 \"HTTP/1.1 302 Found\""}
{"timestamp":"2026-07-28T03:13:52.955054+00:00","level":"INFO","service":"httpx","trace_id":null,"run_id":null,"task_id":null,"event":"httpx","message":"HTTP Request: GET https://codeload.github.com/temporalio/sdk-python/legacy.tar.gz/391338b66939c8c2068c5d28a66be682743bc972 \"HTTP/1.1 200 OK\""}
{"timestamp":"2026-07-28T03:16:53.913899+00:00","level":"INFO","service":"httpx","trace_id":null,"run_id":null,"task_id":null,"event":"httpx","message":"HTTP Request: GET https://api.github.com/repos/temporalio/sdk-python/issues/782 \"HTTP/1.1 200 OK\""}
{"timestamp":"2026-07-28T03:16:55.956117+00:00","level":"INFO","service":"httpx","trace_id":null,"run_id":null,"task_id":null,"event":"httpx","message":"HTTP Request: GET https://api.github.com/repos/temporalio/sdk-python/issues/782/comments?per_page=100 \"HTTP/1.1 200 OK\""}
{"timestamp":"2026-07-28T03:16:56.508160+00:00","level":"INFO","service":"httpx","trace_id":null,"run_id":null,"task_id":null,"event":"httpx","message":"HTTP Request: GET https://api.github.com/repos/temporalio/sdk-python/issues/782/timeline?per_page=100 \"HTTP/1.1 200 OK\""}
{"timestamp":"2026-07-28T03:16:59.029775+00:00","level":"INFO","service":"httpx","trace_id":null,"run_id":null,"task_id":null,"event":"httpx","message":"HTTP Request: GET https://api.github.com/repos/temporalio/sdk-python/pulls/1352 \"HTTP/1.1 200 OK\""}
{"timestamp":"2026-07-28T03:16:59.456037+00:00","level":"INFO","service":"httpx","trace_id":null,"run_id":null,"task_id":null,"event":"httpx","message":"HTTP Request: GET https://api.github.com/repos/temporalio/sdk-python/pulls/1352/files?per_page=100 \"HTTP/1.1 200 OK\""}
{"timestamp":"2026-07-28T03:17:03.802874+00:00","level":"INFO","service":"httpx","trace_id":null,"run_id":null,"task_id":null,"event":"httpx","message":"HTTP Request: GET https://api.github.com/repos/temporalio/sdk-python/tarball/391338b66939c8c2068c5d28a66be682743bc972 \"HTTP/1.1 302 Found\""}
{"timestamp":"2026-07-28T03:17:04.326380+00:00","level":"INFO","service":"httpx","trace_id":null,"run_id":null,"task_id":null,"event":"httpx","message":"HTTP Request: GET https://codeload.github.com/temporalio/sdk-python/legacy.tar.gz/391338b66939c8c2068c5d28a66be682743bc972 \"HTTP/1.1 200 OK\""}
{"timestamp":"2026-07-28T03:18:08.869862+00:00","level":"INFO","service":"httpx","trace_id":null,"run_id":null,"task_id":null,"event":"httpx","message":"HTTP Request: GET https://api.github.com/repos/temporalio/sdk-python/issues/782 \"HTTP/1.1 200 OK\""}
{"timestamp":"2026-07-28T03:18:10.850770+00:00","level":"INFO","service":"httpx","trace_id":null,"run_id":null,"task_id":null,"event":"httpx","message":"HTTP Request: GET https://api.github.com/repos/temporalio/sdk-python/issues/782/comments?per_page=100 \"HTTP/1.1 200 OK\""}
{"timestamp":"2026-07-28T03:18:11.406011+00:00","level":"INFO","service":"httpx","trace_id":null,"run_id":null,"task_id":null,"event":"httpx","message":"HTTP Request: GET https://api.github.com/repos/temporalio/sdk-python/issues/782/timeline?per_page=100 \"HTTP/1.1 200 OK\""}
{"timestamp":"2026-07-28T03:18:13.743727+00:00","level":"INFO","service":"httpx","trace_id":null,"run_id":null,"task_id":null,"event":"httpx","message":"HTTP Request: GET https://api.github.com/repos/temporalio/sdk-python/pulls/1352 \"HTTP/1.1 200 OK\""}
{"timestamp":"2026-07-28T03:18:14.200743+00:00","level":"INFO","service":"httpx","trace_id":null,"run_id":null,"task_id":null,"event":"httpx","message":"HTTP Request: GET https://api.github.com/repos/temporalio/sdk-python/pulls/1352/files?per_page=100 \"HTTP/1.1 200 OK\""}
{"timestamp":"2026-07-28T03:18:17.945621+00:00","level":"INFO","service":"httpx","trace_id":null,"run_id":null,"task_id":null,"event":"httpx","message":"HTTP Request: GET https://api.github.com/repos/temporalio/sdk-python/tarball/391338b66939c8c2068c5d28a66be682743bc972 \"HTTP/1.1 302 Found\""}
{"timestamp":"2026-07-28T03:18:18.515325+00:00","level":"INFO","service":"httpx","trace_id":null,"run_id":null,"task_id":null,"event":"httpx","message":"HTTP Request: GET https://codeload.github.com/temporalio/sdk-python/legacy.tar.gz/391338b66939c8c2068c5d28a66be682743bc972 \"HTTP/1.1 200 OK\""}
{"timestamp":"2026-07-28T03:20:53.287195+00:00","level":"INFO","service":"httpx","trace_id":null,"run_id":null,"task_id":null,"event":"httpx","message":"HTTP Request: GET https://api.github.com/repos/temporalio/sdk-python/issues/782 \"HTTP/1.1 200 OK\""}
{"timestamp":"2026-07-28T03:20:55.264848+00:00","level":"INFO","service":"httpx","trace_id":null,"run_id":null,"task_id":null,"event":"httpx","message":"HTTP Request: GET https://api.github.com/repos/temporalio/sdk-python/issues/782/comments?per_page=100 \"HTTP/1.1 200 OK\""}
{"timestamp":"2026-07-28T03:20:55.773704+00:00","level":"INFO","service":"httpx","trace_id":null,"run_id":null,"task_id":null,"event":"httpx","message":"HTTP Request: GET https://api.github.com/repos/temporalio/sdk-python/issues/782/timeline?per_page=100 \"HTTP/1.1 200 OK\""}
{"timestamp":"2026-07-28T03:20:58.081691+00:00","level":"INFO","service":"httpx","trace_id":null,"run_id":null,"task_id":null,"event":"httpx","message":"HTTP Request: GET https://api.github.com/repos/temporalio/sdk-python/pulls/1352 \"HTTP/1.1 200 OK\""}
{"timestamp":"2026-07-28T03:20:58.615287+00:00","level":"INFO","service":"httpx","trace_id":null,"run_id":null,"task_id":null,"event":"httpx","message":"HTTP Request: GET https://api.github.com/repos/temporalio/sdk-python/pulls/1352/files?per_page=100 \"HTTP/1.1 200 OK\""}
{"timestamp":"2026-07-28T03:21:02.513029+00:00","level":"INFO","service":"httpx","trace_id":null,"run_id":null,"task_id":null,"event":"httpx","message":"HTTP Request: GET https://api.github.com/repos/temporalio/sdk-python/tarball/391338b66939c8c2068c5d28a66be682743bc972 \"HTTP/1.1 302 Found\""}
{"timestamp":"2026-07-28T03:21:03.081742+00:00","level":"INFO","service":"httpx","trace_id":null,"run_id":null,"task_id":null,"event":"httpx","message":"HTTP Request: GET https://codeload.github.com/temporalio/sdk-python/legacy.tar.gz/391338b66939c8c2068c5d28a66be682743bc972 \"HTTP/1.1 200 OK\""}
