INFO:     Started server process [5344]
INFO:     Waiting for application startup.
INFO:     Application startup complete.
INFO:     Uvicorn running on http://127.0.0.1:8090 (Press CTRL+C to quit)
{"timestamp":"2026-07-28T01:27:14.165590+00:00","level":"ERROR","service":"opentelemetry.exporter.otlp.proto.grpc.exporter","trace_id":null,"run_id":null,"task_id":null,"event":"opentelemetry.exporter.otlp.proto.grpc.exporter","message":"Failed to export metrics to localhost:4317, error code: StatusCode.UNIMPLEMENTED"}
{"timestamp":"2026-07-28T01:27:44.178526+00:00","level":"ERROR","service":"opentelemetry.exporter.otlp.proto.grpc.exporter","trace_id":null,"run_id":null,"task_id":null,"event":"opentelemetry.exporter.otlp.proto.grpc.exporter","message":"Failed to export metrics to localhost:4317, error code: StatusCode.UNIMPLEMENTED"}
{"timestamp":"2026-07-28T01:28:14.194791+00:00","level":"ERROR","service":"opentelemetry.exporter.otlp.proto.grpc.exporter","trace_id":null,"run_id":null,"task_id":null,"event":"opentelemetry.exporter.otlp.proto.grpc.exporter","message":"Failed to export metrics to localhost:4317, error code: StatusCode.UNIMPLEMENTED"}
{"timestamp":"2026-07-28T01:28:44.206101+00:00","level":"ERROR","service":"opentelemetry.exporter.otlp.proto.grpc.exporter","trace_id":null,"run_id":null,"task_id":null,"event":"opentelemetry.exporter.otlp.proto.grpc.exporter","message":"Failed to export metrics to localhost:4317, error code: StatusCode.UNIMPLEMENTED"}
{"timestamp":"2026-07-28T01:29:14.218345+00:00","level":"ERROR","service":"opentelemetry.exporter.otlp.proto.grpc.exporter","trace_id":null,"run_id":null,"task_id":null,"event":"opentelemetry.exporter.otlp.proto.grpc.exporter","message":"Failed to export metrics to localhost:4317, error code: StatusCode.UNIMPLEMENTED"}
{"timestamp":"2026-07-28T01:29:44.226272+00:00","level":"ERROR","service":"opentelemetry.exporter.otlp.proto.grpc.exporter","trace_id":null,"run_id":null,"task_id":null,"event":"opentelemetry.exporter.otlp.proto.grpc.exporter","message":"Failed to export metrics to localhost:4317, error code: StatusCode.UNIMPLEMENTED"}
{"timestamp":"2026-07-28T01:30:14.244015+00:00","level":"ERROR","service":"opentelemetry.exporter.otlp.proto.grpc.exporter","trace_id":null,"run_id":null,"task_id":null,"event":"opentelemetry.exporter.otlp.proto.grpc.exporter","message":"Failed to export metrics to localhost:4317, error code: StatusCode.UNIMPLEMENTED"}
{"timestamp":"2026-07-28T01:30:44.262589+00:00","level":"ERROR","service":"opentelemetry.exporter.otlp.proto.grpc.exporter","trace_id":null,"run_id":null,"task_id":null,"event":"opentelemetry.exporter.otlp.proto.grpc.exporter","message":"Failed to export metrics to localhost:4317, error code: StatusCode.UNIMPLEMENTED"}
{"timestamp":"2026-07-28T01:31:14.270493+00:00","level":"ERROR","service":"opentelemetry.exporter.otlp.proto.grpc.exporter","trace_id":null,"run_id":null,"task_id":null,"event":"opentelemetry.exporter.otlp.proto.grpc.exporter","message":"Failed to export metrics to localhost:4317, error code: StatusCode.UNIMPLEMENTED"}
{"timestamp":"2026-07-28T01:31:44.287081+00:00","level":"ERROR","service":"opentelemetry.exporter.otlp.proto.grpc.exporter","trace_id":null,"run_id":null,"task_id":null,"event":"opentelemetry.exporter.otlp.proto.grpc.exporter","message":"Failed to export metrics to localhost:4317, error code: StatusCode.UNIMPLEMENTED"}
{"timestamp":"2026-07-28T01:32:14.288775+00:00","level":"ERROR","service":"opentelemetry.exporter.otlp.proto.grpc.exporter","trace_id":null,"run_id":null,"task_id":null,"event":"opentelemetry.exporter.otlp.proto.grpc.exporter","message":"Failed to export metrics to localhost:4317, error code: StatusCode.UNIMPLEMENTED"}
{"timestamp":"2026-07-28T01:32:44.305314+00:00","level":"ERROR","service":"opentelemetry.exporter.otlp.proto.grpc.exporter","trace_id":null,"run_id":null,"task_id":null,"event":"opentelemetry.exporter.otlp.proto.grpc.exporter","message":"Failed to export metrics to localhost:4317, error code: StatusCode.UNIMPLEMENTED"}
{"timestamp":"2026-07-28T01:33:14.310803+00:00","level":"ERROR","service":"opentelemetry.exporter.otlp.proto.grpc.exporter","trace_id":null,"run_id":null,"task_id":null,"event":"opentelemetry.exporter.otlp.proto.grpc.exporter","message":"Failed to export metrics to localhost:4317, error code: StatusCode.UNIMPLEMENTED"}
{"timestamp":"2026-07-28T01:33:44.331521+00:00","level":"ERROR","service":"opentelemetry.exporter.otlp.proto.grpc.exporter","trace_id":null,"run_id":null,"task_id":null,"event":"opentelemetry.exporter.otlp.proto.grpc.exporter","message":"Failed to export metrics to localhost:4317, error code: StatusCode.UNIMPLEMENTED"}
{"timestamp":"2026-07-28T01:34:14.344697+00:00","level":"ERROR","service":"opentelemetry.exporter.otlp.proto.grpc.exporter","trace_id":null,"run_id":null,"task_id":null,"event":"opentelemetry.exporter.otlp.proto.grpc.exporter","message":"Failed to export metrics to localhost:4317, error code: StatusCode.UNIMPLEMENTED"}
{"timestamp":"2026-07-28T01:34:44.358442+00:00","level":"ERROR","service":"opentelemetry.exporter.otlp.proto.grpc.exporter","trace_id":null,"run_id":null,"task_id":null,"event":"opentelemetry.exporter.otlp.proto.grpc.exporter","message":"Failed to export metrics to localhost:4317, error code: StatusCode.UNIMPLEMENTED"}
{"timestamp":"2026-07-28T01:35:14.372366+00:00","level":"ERROR","service":"opentelemetry.exporter.otlp.proto.grpc.exporter","trace_id":null,"run_id":null,"task_id":null,"event":"opentelemetry.exporter.otlp.proto.grpc.exporter","message":"Failed to export metrics to localhost:4317, error code: StatusCode.UNIMPLEMENTED"}
{"timestamp":"2026-07-28T01:35:44.384132+00:00","level":"ERROR","service":"opentelemetry.exporter.otlp.proto.grpc.exporter","trace_id":null,"run_id":null,"task_id":null,"event":"opentelemetry.exporter.otlp.proto.grpc.exporter","message":"Failed to export metrics to localhost:4317, error code: StatusCode.UNIMPLEMENTED"}
{"timestamp":"2026-07-28T01:36:14.392789+00:00","level":"ERROR","service":"opentelemetry.exporter.otlp.proto.grpc.exporter","trace_id":null,"run_id":null,"task_id":null,"event":"opentelemetry.exporter.otlp.proto.grpc.exporter","message":"Failed to export metrics to localhost:4317, error code: StatusCode.UNIMPLEMENTED"}
{"timestamp":"2026-07-28T01:36:44.405626+00:00","level":"ERROR","service":"opentelemetry.exporter.otlp.proto.grpc.exporter","trace_id":null,"run_id":null,"task_id":null,"event":"opentelemetry.exporter.otlp.proto.grpc.exporter","message":"Failed to export metrics to localhost:4317, error code: StatusCode.UNIMPLEMENTED"}
{"timestamp":"2026-07-28T01:37:14.414154+00:00","level":"ERROR","service":"opentelemetry.exporter.otlp.proto.grpc.exporter","trace_id":null,"run_id":null,"task_id":null,"event":"opentelemetry.exporter.otlp.proto.grpc.exporter","message":"Failed to export metrics to localhost:4317, error code: StatusCode.UNIMPLEMENTED"}
{"timestamp":"2026-07-28T01:37:44.418820+00:00","level":"ERROR","service":"opentelemetry.exporter.otlp.proto.grpc.exporter","trace_id":null,"run_id":null,"task_id":null,"event":"opentelemetry.exporter.otlp.proto.grpc.exporter","message":"Failed to export metrics to localhost:4317, error code: StatusCode.UNIMPLEMENTED"}
{"timestamp":"2026-07-28T01:38:14.431649+00:00","level":"ERROR","service":"opentelemetry.exporter.otlp.proto.grpc.exporter","trace_id":null,"run_id":null,"task_id":null,"event":"opentelemetry.exporter.otlp.proto.grpc.exporter","message":"Failed to export metrics to localhost:4317, error code: StatusCode.UNIMPLEMENTED"}
{"timestamp":"2026-07-28T01:38:44.440727+00:00","level":"ERROR","service":"opentelemetry.exporter.otlp.proto.grpc.exporter","trace_id":null,"run_id":null,"task_id":null,"event":"opentelemetry.exporter.otlp.proto.grpc.exporter","message":"Failed to export metrics to localhost:4317, error code: StatusCode.UNIMPLEMENTED"}
{"timestamp":"2026-07-28T01:39:14.448503+00:00","level":"ERROR","service":"opentelemetry.exporter.otlp.proto.grpc.exporter","trace_id":null,"run_id":null,"task_id":null,"event":"opentelemetry.exporter.otlp.proto.grpc.exporter","message":"Failed to export metrics to localhost:4317, error code: StatusCode.UNIMPLEMENTED"}
{"timestamp":"2026-07-28T01:39:44.453389+00:00","level":"ERROR","service":"opentelemetry.exporter.otlp.proto.grpc.exporter","trace_id":null,"run_id":null,"task_id":null,"event":"opentelemetry.exporter.otlp.proto.grpc.exporter","message":"Failed to export metrics to localhost:4317, error code: StatusCode.UNIMPLEMENTED"}
{"timestamp":"2026-07-28T01:40:14.455735+00:00","level":"ERROR","service":"opentelemetry.exporter.otlp.proto.grpc.exporter","trace_id":null,"run_id":null,"task_id":null,"event":"opentelemetry.exporter.otlp.proto.grpc.exporter","message":"Failed to export metrics to localhost:4317, error code: StatusCode.UNIMPLEMENTED"}
{"timestamp":"2026-07-28T01:40:44.465219+00:00","level":"ERROR","service":"opentelemetry.exporter.otlp.proto.grpc.exporter","trace_id":null,"run_id":null,"task_id":null,"event":"opentelemetry.exporter.otlp.proto.grpc.exporter","message":"Failed to export metrics to localhost:4317, error code: StatusCode.UNIMPLEMENTED"}
{"timestamp":"2026-07-28T01:41:14.478193+00:00","level":"ERROR","service":"opentelemetry.exporter.otlp.proto.grpc.exporter","trace_id":null,"run_id":null,"task_id":null,"event":"opentelemetry.exporter.otlp.proto.grpc.exporter","message":"Failed to export metrics to localhost:4317, error code: StatusCode.UNIMPLEMENTED"}
{"timestamp":"2026-07-28T01:41:44.484926+00:00","level":"ERROR","service":"opentelemetry.exporter.otlp.proto.grpc.exporter","trace_id":null,"run_id":null,"task_id":null,"event":"opentelemetry.exporter.otlp.proto.grpc.exporter","message":"Failed to export metrics to localhost:4317, error code: StatusCode.UNIMPLEMENTED"}
{"timestamp":"2026-07-28T01:42:14.501613+00:00","level":"ERROR","service":"opentelemetry.exporter.otlp.proto.grpc.exporter","trace_id":null,"run_id":null,"task_id":null,"event":"opentelemetry.exporter.otlp.proto.grpc.exporter","message":"Failed to export metrics to localhost:4317, error code: StatusCode.UNIMPLEMENTED"}
{"timestamp":"2026-07-28T01:42:44.516754+00:00","level":"ERROR","service":"opentelemetry.exporter.otlp.proto.grpc.exporter","trace_id":null,"run_id":null,"task_id":null,"event":"opentelemetry.exporter.otlp.proto.grpc.exporter","message":"Failed to export metrics to localhost:4317, error code: StatusCode.UNIMPLEMENTED"}
{"timestamp":"2026-07-28T01:43:14.527305+00:00","level":"ERROR","service":"opentelemetry.exporter.otlp.proto.grpc.exporter","trace_id":null,"run_id":null,"task_id":null,"event":"opentelemetry.exporter.otlp.proto.grpc.exporter","message":"Failed to export metrics to localhost:4317, error code: StatusCode.UNIMPLEMENTED"}
{"timestamp":"2026-07-28T01:43:44.538208+00:00","level":"ERROR","service":"opentelemetry.exporter.otlp.proto.grpc.exporter","trace_id":null,"run_id":null,"task_id":null,"event":"opentelemetry.exporter.otlp.proto.grpc.exporter","message":"Failed to export metrics to localhost:4317, error code: StatusCode.UNIMPLEMENTED"}
{"timestamp":"2026-07-28T01:44:14.553083+00:00","level":"ERROR","service":"opentelemetry.exporter.otlp.proto.grpc.exporter","trace_id":null,"run_id":null,"task_id":null,"event":"opentelemetry.exporter.otlp.proto.grpc.exporter","message":"Failed to export metrics to localhost:4317, error code: StatusCode.UNIMPLEMENTED"}
{"timestamp":"2026-07-28T01:44:44.564968+00:00","level":"ERROR","service":"opentelemetry.exporter.otlp.proto.grpc.exporter","trace_id":null,"run_id":null,"task_id":null,"event":"opentelemetry.exporter.otlp.proto.grpc.exporter","message":"Failed to export metrics to localhost:4317, error code: StatusCode.UNIMPLEMENTED"}
{"timestamp":"2026-07-28T01:45:14.567765+00:00","level":"ERROR","service":"opentelemetry.exporter.otlp.proto.grpc.exporter","trace_id":null,"run_id":null,"task_id":null,"event":"opentelemetry.exporter.otlp.proto.grpc.exporter","message":"Failed to export metrics to localhost:4317, error code: StatusCode.UNIMPLEMENTED"}
{"timestamp":"2026-07-28T01:45:44.587743+00:00","level":"ERROR","service":"opentelemetry.exporter.otlp.proto.grpc.exporter","trace_id":null,"run_id":null,"task_id":null,"event":"opentelemetry.exporter.otlp.proto.grpc.exporter","message":"Failed to export metrics to localhost:4317, error code: StatusCode.UNIMPLEMENTED"}
{"timestamp":"2026-07-28T01:46:14.600024+00:00","level":"ERROR","service":"opentelemetry.exporter.otlp.proto.grpc.exporter","trace_id":null,"run_id":null,"task_id":null,"event":"opentelemetry.exporter.otlp.proto.grpc.exporter","message":"Failed to export metrics to localhost:4317, error code: StatusCode.UNIMPLEMENTED"}
{"timestamp":"2026-07-28T01:46:44.612825+00:00","level":"ERROR","service":"opentelemetry.exporter.otlp.proto.grpc.exporter","trace_id":null,"run_id":null,"task_id":null,"event":"opentelemetry.exporter.otlp.proto.grpc.exporter","message":"Failed to export metrics to localhost:4317, error code: StatusCode.UNIMPLEMENTED"}
{"timestamp":"2026-07-28T01:47:14.627098+00:00","level":"ERROR","service":"opentelemetry.exporter.otlp.proto.grpc.exporter","trace_id":null,"run_id":null,"task_id":null,"event":"opentelemetry.exporter.otlp.proto.grpc.exporter","message":"Failed to export metrics to localhost:4317, error code: StatusCode.UNIMPLEMENTED"}
{"timestamp":"2026-07-28T01:47:44.644079+00:00","level":"ERROR","service":"opentelemetry.exporter.otlp.proto.grpc.exporter","trace_id":null,"run_id":null,"task_id":null,"event":"opentelemetry.exporter.otlp.proto.grpc.exporter","message":"Failed to export metrics to localhost:4317, error code: StatusCode.UNIMPLEMENTED"}
{"timestamp":"2026-07-28T01:48:14.658586+00:00","level":"ERROR","service":"opentelemetry.exporter.otlp.proto.grpc.exporter","trace_id":null,"run_id":null,"task_id":null,"event":"opentelemetry.exporter.otlp.proto.grpc.exporter","message":"Failed to export metrics to localhost:4317, error code: StatusCode.UNIMPLEMENTED"}
{"timestamp":"2026-07-28T01:48:44.665339+00:00","level":"ERROR","service":"opentelemetry.exporter.otlp.proto.grpc.exporter","trace_id":null,"run_id":null,"task_id":null,"event":"opentelemetry.exporter.otlp.proto.grpc.exporter","message":"Failed to export metrics to localhost:4317, error code: StatusCode.UNIMPLEMENTED"}
