Traceback (most recent call last):
  File "C:\Project\SwarmCore\.venv\Lib\site-packages\sqlalchemy\dialects\postgresql\asyncpg.py", line 545, in _prepare_and_execute
    self._rows = deque(await prepared_stmt.fetch(*parameters))
                       ^^^^^^^^^^^^^^^^^^^^^^^^^^^^^^^^^^^^^^
  File "C:\Project\SwarmCore\.venv\Lib\site-packages\asyncpg\prepared_stmt.py", line 176, in fetch
    data = await self.__bind_execute(args, 0, timeout)
           ^^^^^^^^^^^^^^^^^^^^^^^^^^^^^^^^^^^^^^^^^^^
  File "C:\Project\SwarmCore\.venv\Lib\site-packages\asyncpg\prepared_stmt.py", line 267, in __bind_execute
    data, status, _ = await self.__do_execute(
                      ^^^^^^^^^^^^^^^^^^^^^^^^
  File "C:\Project\SwarmCore\.venv\Lib\site-packages\asyncpg\prepared_stmt.py", line 256, in __do_execute
    return await executor(protocol)
           ^^^^^^^^^^^^^^^^^^^^^^^^
  File "asyncpg\\protocol\\protocol.pyx", line 206, in bind_execute
asyncpg.exceptions.DeadlockDetectedError: deadlock detected
DETAIL:  Process 229074 waits for ShareLock on transaction 2470095; blocked by process 127253.
Process 127253 waits for ShareLock on transaction 2470092; blocked by process 229074.
HINT:  See server log for query details.

The above exception was the direct cause of the following exception:

Traceback (most recent call last):
  File "C:\Project\SwarmCore\.venv\Lib\site-packages\sqlalchemy\engine\base.py", line 1963, in _exec_single_context
    self.dialect.do_execute(
  File "C:\Project\SwarmCore\.venv\Lib\site-packages\sqlalchemy\engine\default.py", line 943, in do_execute
    cursor.execute(statement, parameters)
  File "C:\Project\SwarmCore\.venv\Lib\site-packages\sqlalchemy\dialects\postgresql\asyncpg.py", line 580, in execute
    self._adapt_connection.await_(
  File "C:\Project\SwarmCore\.venv\Lib\site-packages\sqlalchemy\util\_concurrency_py3k.py", line 132, in await_only
    return current.parent.switch(awaitable)  # type: ignore[no-any-return,attr-defined] # noqa: E501
           ^^^^^^^^^^^^^^^^^^^^^^^^^^^^^^^^
  File "C:\Project\SwarmCore\.venv\Lib\site-packages\sqlalchemy\util\_concurrency_py3k.py", line 196, in greenlet_spawn
    value = await result
            ^^^^^^^^^^^^
  File "C:\Project\SwarmCore\.venv\Lib\site-packages\sqlalchemy\dialects\postgresql\asyncpg.py", line 558, in _prepare_and_execute
    self._handle_exception(error)
  File "C:\Project\SwarmCore\.venv\Lib\site-packages\sqlalchemy\dialects\postgresql\asyncpg.py", line 508, in _handle_exception
    self._adapt_connection._handle_exception(error)
  File "C:\Project\SwarmCore\.venv\Lib\site-packages\sqlalchemy\dialects\postgresql\asyncpg.py", line 792, in _handle_exception
    raise translated_error from error
sqlalchemy.dialects.postgresql.asyncpg.AsyncAdapt_asyncpg_dbapi.Error: <class 'asyncpg.exceptions.DeadlockDetectedError'>: deadlock detected
DETAIL:  Process 229074 waits for ShareLock on transaction 2470095; blocked by process 127253.
Process 127253 waits for ShareLock on transaction 2470092; blocked by process 229074.
HINT:  See server log for query details.

The above exception was the direct cause of the following exception:

Traceback (most recent call last):
  File "<frozen runpy>", line 198, in _run_module_as_main
  File "<frozen runpy>", line 88, in _run_code
  File "C:\Project\SwarmCore\.venv\Scripts\swarmcore-projection-reconciler.exe\__main__.py", line 10, in <module>
  File "C:\Project\SwarmCore\apps\projection-reconciler\src\swarmcore_projection_reconciler\main.py", line 58, in run
    asyncio.run(serve())
  File "C:\Users\Chaoran\AppData\Local\Programs\Python\Python312\Lib\asyncio\runners.py", line 195, in run
    return runner.run(main)
           ^^^^^^^^^^^^^^^^
  File "C:\Users\Chaoran\AppData\Local\Programs\Python\Python312\Lib\asyncio\runners.py", line 118, in run
    return self._loop.run_until_complete(task)
           ^^^^^^^^^^^^^^^^^^^^^^^^^^^^^^^^^^^
  File "C:\Users\Chaoran\AppData\Local\Programs\Python\Python312\Lib\asyncio\base_events.py", line 691, in run_until_complete
    return future.result()
           ^^^^^^^^^^^^^^^
  File "C:\Project\SwarmCore\apps\projection-reconciler\src\swarmcore_projection_reconciler\main.py", line 48, in serve
    count = await reconcile_once(database, batch_size=settings.reconciler_batch_size)
            ^^^^^^^^^^^^^^^^^^^^^^^^^^^^^^^^^^^^^^^^^^^^^^^^^^^^^^^^^^^^^^^^^^^^^^^^^
  File "C:\Project\SwarmCore\apps\projection-reconciler\src\swarmcore_projection_reconciler\main.py", line 34, in reconcile_once
    await reconciler.reconcile_run(session, run_id)
  File "C:\Project\SwarmCore\packages\persistence\src\swarmcore_persistence\reconciler.py", line 41, in reconcile_run
    run = await session.scalar(select(Run).where(Run.id == run_id).with_for_update())
          ^^^^^^^^^^^^^^^^^^^^^^^^^^^^^^^^^^^^^^^^^^^^^^^^^^^^^^^^^^^^^^^^^^^^^^^^^^^
  File "C:\Project\SwarmCore\.venv\Lib\site-packages\sqlalchemy\ext\asyncio\session.py", line 519, in scalar
    return await greenlet_spawn(
           ^^^^^^^^^^^^^^^^^^^^^
  File "C:\Project\SwarmCore\.venv\Lib\site-packages\sqlalchemy\util\_concurrency_py3k.py", line 201, in greenlet_spawn
    result = context.throw(*sys.exc_info())
             ^^^^^^^^^^^^^^^^^^^^^^^^^^^^^^
  File "C:\Project\SwarmCore\.venv\Lib\site-packages\sqlalchemy\orm\session.py", line 2413, in scalar
    return self._execute_internal(
           ^^^^^^^^^^^^^^^^^^^^^^^
  File "C:\Project\SwarmCore\.venv\Lib\site-packages\sqlalchemy\orm\session.py", line 2251, in _execute_internal
    result: Result[Any] = compile_state_cls.orm_execute_statement(
                          ^^^^^^^^^^^^^^^^^^^^^^^^^^^^^^^^^^^^^^^^
  File "C:\Project\SwarmCore\.venv\Lib\site-packages\sqlalchemy\orm\context.py", line 306, in orm_execute_statement
    result = conn.execute(
             ^^^^^^^^^^^^^
  File "C:\Project\SwarmCore\.venv\Lib\site-packages\sqlalchemy\engine\base.py", line 1415, in execute
    return meth(
           ^^^^^
  File "C:\Project\SwarmCore\.venv\Lib\site-packages\sqlalchemy\sql\elements.py", line 523, in _execute_on_connection
    return connection._execute_clauseelement(
           ^^^^^^^^^^^^^^^^^^^^^^^^^^^^^^^^^^
  File "C:\Project\SwarmCore\.venv\Lib\site-packages\sqlalchemy\engine\base.py", line 1637, in _execute_clauseelement
    ret = self._execute_context(
          ^^^^^^^^^^^^^^^^^^^^^^
  File "C:\Project\SwarmCore\.venv\Lib\site-packages\sqlalchemy\engine\base.py", line 1842, in _execute_context
    return self._exec_single_context(
           ^^^^^^^^^^^^^^^^^^^^^^^^^^
  File "C:\Project\SwarmCore\.venv\Lib\site-packages\sqlalchemy\engine\base.py", line 1982, in _exec_single_context
    self._handle_dbapi_exception(
  File "C:\Project\SwarmCore\.venv\Lib\site-packages\sqlalchemy\engine\base.py", line 2351, in _handle_dbapi_exception
    raise sqlalchemy_exception.with_traceback(exc_info[2]) from e
  File "C:\Project\SwarmCore\.venv\Lib\site-packages\sqlalchemy\engine\base.py", line 1963, in _exec_single_context
    self.dialect.do_execute(
  File "C:\Project\SwarmCore\.venv\Lib\site-packages\sqlalchemy\engine\default.py", line 943, in do_execute
    cursor.execute(statement, parameters)
  File "C:\Project\SwarmCore\.venv\Lib\site-packages\sqlalchemy\dialects\postgresql\asyncpg.py", line 580, in execute
    self._adapt_connection.await_(
  File "C:\Project\SwarmCore\.venv\Lib\site-packages\sqlalchemy\util\_concurrency_py3k.py", line 132, in await_only
    return current.parent.switch(awaitable)  # type: ignore[no-any-return,attr-defined] # noqa: E501
           ^^^^^^^^^^^^^^^^^^^^^^^^^^^^^^^^
  File "C:\Project\SwarmCore\.venv\Lib\site-packages\sqlalchemy\util\_concurrency_py3k.py", line 196, in greenlet_spawn
    value = await result
            ^^^^^^^^^^^^
  File "C:\Project\SwarmCore\.venv\Lib\site-packages\sqlalchemy\dialects\postgresql\asyncpg.py", line 558, in _prepare_and_execute
    self._handle_exception(error)
  File "C:\Project\SwarmCore\.venv\Lib\site-packages\sqlalchemy\dialects\postgresql\asyncpg.py", line 508, in _handle_exception
    self._adapt_connection._handle_exception(error)
  File "C:\Project\SwarmCore\.venv\Lib\site-packages\sqlalchemy\dialects\postgresql\asyncpg.py", line 792, in _handle_exception
    raise translated_error from error
sqlalchemy.exc.DBAPIError: (sqlalchemy.dialects.postgresql.asyncpg.Error) <class 'asyncpg.exceptions.DeadlockDetectedError'>: deadlock detected
DETAIL:  Process 229074 waits for ShareLock on transaction 2470095; blocked by process 127253.
Process 127253 waits for ShareLock on transaction 2470092; blocked by process 229074.
HINT:  See server log for query details.
[SQL: SELECT runs.project_id, runs.strategy_version_id, runs.status, runs.input, runs.output, runs.output_ref, runs.budgets, runs.usage, runs.plan_hash, runs.runtime_version, runs.temporal_workflow_id, runs.temporal_run_id, runs.next_event_seq, runs.earliest_available_seq, runs.version, runs.projection_updated_at, runs.parent_run_id, runs.started_at, runs.completed_at, runs.initiated_by, runs.submitted_scopes, runs.auth_context_hash, runs.policy_revision, runs.id, runs.tenant_id, runs.created_at, runs.updated_at 
FROM runs 
WHERE runs.id = $1::UUID FOR UPDATE]
[parameters: (UUID('019f6fa4-d99a-7dce-8822-cc8f5e80b806'),)]
(Background on this error at: https://sqlalche.me/e/20/dbapi)
