
> swarmcore@ web:dev C:\Project\SwarmCore
> pnpm --filter @swarmcore/web dev "--" "--host" "127.0.0.1"


> @swarmcore/web@0.1.0 dev C:\Project\SwarmCore\apps\web
> vite "--" "--host" "127.0.0.1"


  [32m[1mVITE[22m v7.0.5[39m  [2mready in [0m[1m1686[22m[2m[0m ms[22m

  [32m➜[39m  [1mLocal[22m:   [36mhttp://localhost:[1m5173[22m/[39m
[2m  [32m➜[39m  [1mNetwork[22m[2m: use [22m[1m--host[22m[2m to expose[22m
[2m[32m  ➜[39m[22m[2m  press [22m[1mh + enter[22m[2m to show help[22m
[2m10:20:30[22m [36m[1m[vite][22m[39m [90m[2m(client)[22m[39m [32mpage reload [39m[2msrc/pages/assessment-page.test.tsx[22m
[2m10:20:30[22m [36m[1m[vite][22m[39m [90m[2m(client)[22m[39m [32mpage reload [39m[2msrc/pages/assessment-page.test.tsx[22m
[2m10:20:31[22m [36m[1m[vite][22m[39m [90m[2m(client)[22m[39m [32mpage reload [39m[2msrc/pages/assessment-page.test.tsx[22m
[2m10:20:33[22m [36m[1m[vite][22m[39m [90m[2m(client)[22m[39m [32mpage reload [39m[2msrc/pages/assessment-page.test.tsx[22m
[2m10:20:33[22m [36m[1m[vite][22m[39m [90m[2m(client)[22m[39m [32mpage reload [39m[2msrc/pages/assessment-page.test.tsx[22m
[2m10:23:29[22m [36m[1m[vite][22m[39m [90m[2m(client)[22m[39m [32mhmr update [39m[2m/src/pages/action-center-page.tsx, /src/index.css[22m
[2m10:23:31[22m [36m[1m[vite][22m[39m [90m[2m(client)[22m[39m [32mpage reload [39m[2msrc/components/operations/human-action-card.test.tsx[22m
[2m10:33:51[22m [36m[1m[vite][22m[39m [90m[2m(client)[22m[39m [32mhmr update [39m[2m/src/components/operations/human-action-card.tsx, /src/index.css[22m
[2m10:33:51[22m [36m[1m[vite][22m[39m [90m[2m(client)[22m[39m [33mhmr invalidate [39m[2m/src/components/operations/human-action-card.tsx[22m Could not Fast Refresh ("resolveApprovalGuide" export is incompatible). Learn more at https://github.com/vitejs/vite-plugin-react/tree/main/packages/plugin-react#consistent-components-exports
[2m10:33:51[22m [36m[1m[vite][22m[39m [90m[2m(client)[22m[39m [32mhmr update [39m[2m/src/pages/action-center-page.tsx, /src/index.css[22m
[2m10:33:57[22m [36m[1m[vite][22m[39m [90m[2m(client)[22m[39m [32mhmr update [39m[2m/src/components/operations/human-action-card.tsx, /src/index.css[22m
[2m10:33:57[22m [36m[1m[vite][22m[39m [90m[2m(client)[22m[39m [33mhmr invalidate [39m[2m/src/components/operations/human-action-card.tsx[22m Could not Fast Refresh ("resolveApprovalGuide" export is incompatible). Learn more at https://github.com/vitejs/vite-plugin-react/tree/main/packages/plugin-react#consistent-components-exports
[2m10:33:57[22m [36m[1m[vite][22m[39m [90m[2m(client)[22m[39m [32mhmr update [39m[2m/src/pages/action-center-page.tsx, /src/index.css[22m
[2m10:34:01[22m [36m[1m[vite][22m[39m [90m[2m(client)[22m[39m [32mhmr update [39m[2m/src/pages/action-center-page.tsx, /src/index.css[22m
[2m10:34:01[22m [36m[1m[vite][22m[39m [90m[2m(client)[22m[39m [32mhmr update [39m[2m/src/pages/action-center-page.tsx, /src/index.css[22m
[2m10:34:25[22m [36m[1m[vite][22m[39m [90m[2m(client)[22m[39m [32mhmr update [39m[2m/src/pages/action-center-page.tsx, /src/index.css[22m
[2m10:34:35[22m [36m[1m[vite][22m[39m [90m[2m(client)[22m[39m [32mhmr update [39m[2m/src/pages/action-center-page.tsx, /src/index.css[22m
[2m10:34:36[22m [36m[1m[vite][22m[39m [90m[2m(client)[22m[39m [32mpage reload [39m[2msrc/components/operations/human-action-card.test.tsx[22m
[2m10:37:26[22m [36m[1m[vite][22m[39m [90m[2m(client)[22m[39m [32mhmr update [39m[2m/src/components/operations/human-action-card.tsx, /src/index.css[22m
[2m10:37:26[22m [36m[1m[vite][22m[39m [90m[2m(client)[22m[39m [33mhmr invalidate [39m[2m/src/components/operations/human-action-card.tsx[22m Could not Fast Refresh ("resolveApprovalGuide" export is incompatible). Learn more at https://github.com/vitejs/vite-plugin-react/tree/main/packages/plugin-react#consistent-components-exports
[2m10:37:26[22m [36m[1m[vite][22m[39m [90m[2m(client)[22m[39m [32mhmr update [39m[2m/src/pages/action-center-page.tsx, /src/index.css[22m
[2m10:37:29[22m [36m[1m[vite][22m[39m [90m[2m(client)[22m[39m [32mpage reload [39m[2msrc/components/operations/human-action-card.test.tsx[22m
[2m10:39:10[22m [36m[1m[vite][22m[39m [90m[2m(client)[22m[39m [32mpage reload [39m[2msrc/components/operations/human-action-card.test.tsx[22m
[2m10:39:36[22m [36m[1m[vite][22m[39m [90m[2m(client)[22m[39m [32mpage reload [39m[2msrc/components/operations/human-action-card.test.tsx[22m
[2m10:47:11[22m [36m[1m[vite][22m[39m [90m[2m(client)[22m[39m [32mhmr update [39m[2m/src/pages/action-center-page.tsx, /src/index.css[22m
[2m10:47:11[22m [36m[1m[vite][22m[39m [90m[2m(client)[22m[39m [32mpage reload [39m[2msrc/components/operations/human-action-card.test.tsx[22m
[2m10:47:11[22m [36m[1m[vite][22m[39m [90m[2m(client)[22m[39m [32mpage reload [39m[2msrc/pages/assessment-page.test.tsx[22m
[2m10:47:11[22m [36m[1m[vite][22m[39m [90m[2m(client)[22m[39m [32mhmr update [39m[2m/src/components/operations/human-action-card.tsx, /src/index.css[22m
[2m11:10:56[22m [36m[1m[vite][22m[39m [90m[2m(client)[22m[39m [32mhmr update [39m[2m/src/pages/capabilities-page.tsx, /src/index.css[22m
[2m11:11:00[22m [36m[1m[vite][22m[39m [90m[2m(client)[22m[39m [32mhmr update [39m[2m/src/pages/capabilities-page.tsx, /src/index.css[22m
[2m11:11:07[22m [36m[1m[vite][22m[39m [90m[2m(client)[22m[39m [32mhmr update [39m[2m/src/pages/capabilities-page.tsx, /src/index.css[22m
[2m11:11:08[22m [36m[1m[vite][22m[39m [90m[2m(client)[22m[39m [32mhmr update [39m[2m/src/pages/capabilities-page.tsx, /src/index.css[22m
[2m11:11:16[22m [36m[1m[vite][22m[39m [90m[2m(client)[22m[39m [32mhmr update [39m[2m/src/pages/business-works-page.tsx, /src/index.css[22m
[2m11:11:20[22m [36m[1m[vite][22m[39m [90m[2m(client)[22m[39m [32mhmr update [39m[2m/src/pages/business-works-page.tsx, /src/index.css[22m
[2m11:11:23[22m [36m[1m[vite][22m[39m [90m[2m(client)[22m[39m [32mpage reload [39m[2msrc/pages/capabilities-page.test.tsx[22m
[2m11:11:28[22m [36m[1m[vite][22m[39m [90m[2m(client)[22m[39m [32mhmr update [39m[2m/src/pages/business-works-page.tsx, /src/index.css[22m
[2m11:11:57[22m [36m[1m[vite][22m[39m [90m[2m(client)[22m[39m [32mpage reload [39m[2msrc/pages/capabilities-page.test.tsx[22m
[2m11:12:04[22m [36m[1m[vite][22m[39m [90m[2m(client)[22m[39m [32mpage reload [39m[2msrc/pages/capabilities-page.test.tsx[22m
[2m11:12:25[22m [36m[1m[vite][22m[39m [90m[2m(client)[22m[39m [32mhmr update [39m[2m/src/pages/business-works-page.tsx, /src/index.css[22m
[2m11:13:47[22m [36m[1m[vite][22m[39m [90m[2m(client)[22m[39m [32mpage reload [39m[2msrc/pages/business-works-page.test.tsx[22m
